
> frontend@0.0.0 build:prod
> ng build --configuration production

node.exe : - Generating browser application bundles (phase: 
setup)...
At line:1 char:1
+ & "C:\Program Files\nodejs/node.exe" "C:\Program 
Files\nodejs/node_mo ...
+ ~~~~~~~~~~~~~~~~~~~~~~~~~~~~~~~~~~~~~~~~~~~~~~~~~~~~~~~~~~~
~~~~~~~~~~
    + CategoryInfo          : NotSpecified: (- Generating br 
   ...hase: setup)...:String) [], RemoteException
    + FullyQualifiedErrorId : NativeCommandError
 
Γ£ö Browser application bundle generation complete.
Γ£ö Browser application bundle generation complete.

Warning: C:/MYPROJECTS/finalproject/frontend/src/app/pages/ab
out/about.component.scss exceeded maximum budget. Budget 
2.00 kB was not met by 257 bytes with a total of 2.25 kB.

Warning: C:/MYPROJECTS/finalproject/frontend/src/app/pages/ca
regivers/caregivers.component.scss exceeded maximum budget. 
Budget 2.00 kB was not met by 4.65 kB with a total of 6.65 
kB.

Warning: C:/MYPROJECTS/finalproject/frontend/src/app/pages/da
shboard/dashboard.component.scss exceeded maximum budget. 
Budget 2.00 kB was not met by 951 bytes with a total of 2.93 
kB.

Warning: C:/MYPROJECTS/finalproject/frontend/src/app/pages/em
ergency/emergency.component.scss exceeded maximum budget. 
Budget 2.00 kB was not met by 2.90 kB with a total of 4.90 
kB.

Warning: C:/MYPROJECTS/finalproject/frontend/src/app/pages/ho
me/home.component.scss exceeded maximum budget. Budget 2.00 
kB was not met by 4.31 kB with a total of 6.31 kB.

Warning: C:/MYPROJECTS/finalproject/frontend/src/app/pages/me
al-delivery/meal-delivery.component.scss exceeded maximum 
budget. Budget 2.00 kB was not met by 2.35 kB with a total 
of 4.35 kB.

Warning: C:/MYPROJECTS/finalproject/frontend/src/app/pages/me
dication-reminder/medication-reminder.component.scss 
exceeded maximum budget. Budget 2.00 kB was not met by 1.93 
kB with a total of 3.93 kB.

Warning: C:/MYPROJECTS/finalproject/frontend/src/app/pages/pe
t-care/pet-care.component.scss exceeded maximum budget. 
Budget 2.00 kB was not met by 2.95 kB with a total of 4.95 
kB.

Warning: C:/MYPROJECTS/finalproject/frontend/src/app/pages/pl
ans/plans.component.scss exceeded maximum budget. Budget 
2.00 kB was not met by 1.11 kB with a total of 3.11 kB.

Warning: C:/MYPROJECTS/finalproject/frontend/src/app/pages/pr
escription-delivery/prescription-delivery.component.scss 
exceeded maximum budget. Budget 2.00 kB was not met by 5.38 
kB with a total of 7.38 kB.

Warning: C:/MYPROJECTS/finalproject/frontend/src/app/pages/se
rvices/services.component.scss exceeded maximum budget. 
Budget 2.00 kB was not met by 81 bytes with a total of 2.08 
kB.

Warning: C:/MYPROJECTS/finalproject/frontend/src/app/pages/tr
ansportation/transportation.component.scss exceeded maximum 
budget. Budget 2.00 kB was not met by 691 bytes with a total 
of 2.67 kB.

Warning: C:/MYPROJECTS/finalproject/frontend/src/app/shared/c
hat-assistant/chat-assistant.component.scss exceeded maximum 
budget. Budget 2.00 kB was not met by 4.69 kB with a total 
of 6.69 kB.

Warning: C:/MYPROJECTS/finalproject/frontend/src/app/shared/n
avbar/navbar.component.scss exceeded maximum budget. Budget 
2.00 kB was not met by 2.11 kB with a total of 4.11 kB.



Error: src/app/pages/prescription-delivery/prescription-deliv
ery.component.html:45:13 - error NG8002: Can't bind to 
'formGroup' since it isn't a known property of 'form'.

45       <form [formGroup]="prescriptionForm" 
(ngSubmit)="onSubmit()">
               ~~~~~~~~~~~~~~~~~~~~~~~~~~~~~~

  src/app/pages/prescription-delivery/prescription-delivery.c
omponent.ts:6:16
    6   templateUrl: 
'./prescription-delivery.component.html',
                     ~~~~~~~~~~~~~~~~~~~~~~~~~~~~~~~~~~~~~~~~
    Error occurs in the template of component 
PrescriptionDeliveryComponent.


Error: src/app/pages/transportation/transportation.component.
html:62:15 - error NG8002: Can't bind to 'formGroup' since 
it isn't a known property of 'form'.

62         <form [formGroup]="bookingForm" 
(ngSubmit)="onSubmit()">
                 ~~~~~~~~~~~~~~~~~~~~~~~~~

  
src/app/pages/transportation/transportation.component.ts:6:16
    6   templateUrl: './transportation.component.html',
                     ~~~~~~~~~~~~~~~~~~~~~~~~~~~~~~~~~
    Error occurs in the template of component 
TransportationComponent.


Error: C:/MYPROJECTS/finalproject/frontend/src/app/pages/care
givers/caregivers.component.scss exceeded maximum budget. 
Budget 4.00 kB was not met by 2.65 kB with a total of 6.65 
kB.

Error: C:/MYPROJECTS/finalproject/frontend/src/app/pages/emer
gency/emergency.component.scss exceeded maximum budget. 
Budget 4.00 kB was not met by 926 bytes with a total of 4.90 
kB.

Error: C:/MYPROJECTS/finalproject/frontend/src/app/pages/home
/home.component.scss exceeded maximum budget. Budget 4.00 kB 
was not met by 2.31 kB with a total of 6.31 kB.

Error: C:/MYPROJECTS/finalproject/frontend/src/app/pages/meal
-delivery/meal-delivery.component.scss exceeded maximum 
budget. Budget 4.00 kB was not met by 356 bytes with a total 
of 4.35 kB.

Error: C:/MYPROJECTS/finalproject/frontend/src/app/pages/pet-
care/pet-care.component.scss exceeded maximum budget. Budget 
4.00 kB was not met by 974 bytes with a total of 4.95 kB.

Error: C:/MYPROJECTS/finalproject/frontend/src/app/pages/pres
cription-delivery/prescription-delivery.component.scss 
exceeded maximum budget. Budget 4.00 kB was not met by 3.38 
kB with a total of 7.38 kB.

Error: C:/MYPROJECTS/finalproject/frontend/src/app/shared/cha
t-assistant/chat-assistant.component.scss exceeded maximum 
budget. Budget 4.00 kB was not met by 2.69 kB with a total 
of 6.69 kB.

Error: C:/MYPROJECTS/finalproject/frontend/src/app/shared/nav
bar/navbar.component.scss exceeded maximum budget. Budget 
4.00 kB was not met by 117 bytes with a total of 4.11 kB.


